CCTV怀旧剧场,https://live.264788.xyz/channel/huaijiujuchang?streamid=7e5d1abdddde08f588234f3f640f75ff&livekey=01WgOR41rriMmMkzNsd0UoaxJRwetZdxIvtVk
CCTV第一剧场,https://live.264788.xyz/channel/diyijuchang?streamid=e9b0fb1ca135a4aeae12944494883794&livekey=01WgOR41rriMmMkzNsd0UoaxJRwetZdxIvtVk
CCTV第一剧场,https://live.264788.xyz/channel/diyijuchang?streamid=d81e188b59ece96b7e8f1ce34aea3ef8&livekey=01WgOR41rriMmMkzNsd0UoaxJRwetZdxIvtVk
CGTN,http://english-livetx.cgtn.com/hls/yypdyyctzb_hd.m3u8
CGTN,https://0472.org/hls/cgtn.m3u8
CGTN法语,http://espanol-liveali.cgtn.com/hls/LSveOGBaBw41Ea7ukkVAUdKQ220802LSTexu6xAuFH8VZNBLE1ZNEa220802cd.m3u8
CGTN西语,https://0472.org/hls/cgtnx.m3u8
CGTN阿语,https://0472.org/hls/cgtna.m3u8
CCTV文化精品,https://live.264788.xyz/channel/yangshiwenhuajingpin?streamid=bc185d1ef1e528922e83efd845006277&livekey=01WgOR41rriMmMkzNsd0UoaxJRwetZdxIvtVk
中国交通,http://drive.mxmy.net:8888/udp/239.3.1.188:8001
兵器科技,https://live.264788.xyz/channel/bingqikeji?streamid=530cb4e58bbc48b7fc26f5e0a2e47966&livekey=01WgOR41rriMmMkzNsd0UoaxJRwetZdxIvtVk
兵器科技,https://live.264788.xyz/channel/bingqikeji?streamid=6fc55a0966bdad1e1cdf39a4d37dd776&livekey=01WgOR41rriMmMkzNsd0UoaxJRwetZdxIvtVk
熊猫直播,https://gcwbndali.v.myalicdn.com/gcwbnd/ipanda1000_2/index.m3u8
风云剧场,https://live.264788.xyz/channel/fengyunjuchang?streamid=31e7b5b7032d25dd215a4069cdee1a48&livekey=01WgOR41rriMmMkzNsd0UoaxJRwetZdxIvtVk
支持作者,https://vd2.bdstatic.com/mda-sctj0f96cn79js4n/1080p/cae_h264/1774710384405617311/mda-sctj0f96cn79js4n.mp4
延边卫视,https://srs.iyb983.cn:443/video/CYS/index.m3u8
延边卫视,http://l.cztvcloud.com/channels/lantian/SXxinchang2/720p.m3u8#
延边卫视,https://srs.iyb983.cn/video/CYS/index.m3u8
安多卫视,https://liveout.xntv.tv/a65jur/96iln2.m3u8
山东教育,https://test1.live.sdetv.com.cn/live/dianshizhibo/playlist.m3u8
人间卫视,https://5ddce30eb4b55.streamlock.net/bltvhd/bltv1/chunklist_w511254805.m3u8
人间卫视,http://61.216.67.119:1935/bltvhd/bltv1/chunklist_w1266569526.m3u
东方卫视4K,https://bp-resource-dfl.bestv.cn/148/3/video.m3u8
福建海峡卫视,http://38.64.72.148:80/hls/modn/list/4009/playlist.m3u8
福建海峡卫视,http://38.64.72.148:80/hls/modn/list/4009/chunklist0.m3u8
福建海峡卫视,http://38.64.72.148/hls/modn/list/4009/playlist.m3u8
苏州4K,https://tylive.kan0512.com/norecord/csztv4k_4k.m3u8
CHC电影,http://183.237.95.108:9901/tsfile/live/1008_1.m3u8?key=txiptv&playlive=0&authid=0
东阳影视生活,http://l.cztvcloud.com/channels/lantian/SXdongyang1/720p.m3u8
人在囧途,https://vip.ffzy-play.com/20221018/1953_2d6ba500/index.m3u8
人在囧途之泰囧,https://vip.ffzy-play.com/20221018/1951_47e1adc8/index.m3u8
人在囧途之港囧,https://vip.ffzy-play7.com/20230112/11082_fde1a94d/index.m3u8
倚天屠龙记,https://live.metshop.top/huya/23734246
倩女幽魂人间道,http://jsmov2.a.yximgs.com/bs3/video-hls/5250634317044855747_hlsb.m3u8
倩女幽魂妖魔道,http://jsmov2.a.yximgs.com/bs3/video-hls/5232901391302199073_hlsb.m3u8
倩女幽魂道道道,http://jsmov2.a.yximgs.com/bs3/video-hls/5216294367991385255_hlsb.m3u8
刑事侦缉档案,https://live.metshop.top/huya/29465856
刘德华电影,https://live.metshop.top/huya/11342424
创世纪,https://live.metshop.top/huya/29465852
功夫电影,https://live.metshop.top/huya/11352941
南宁影视娱乐,http://hls.nntv.cn/nnlive/YSYL_244.m3u8
古天乐电影,https://live.metshop.top/huya/29982675
周星驰电影,https://live.metshop.top/huya/11342412
哈尔滨影视,http://stream.hrbtv.net/yspd/sd/live.m3u8?zheild
大唐双龙传,https://live.metshop.top/huya/29465850
大时代,https://live.metshop.top/huya/23865161
妙手仁心,https://live.metshop.top/huya/29465853
宇宙科幻合集,https://live.metshop.top/huya/11342428
寒战,https://vip.ffzy-play6.com/20221019/157_bf0740ee/index.m3u8
寻秦记,https://live.metshop.top/huya/29465848
封神榜,https://live.metshop.top/huya/29465849
射雕英雄传,https://live.metshop.top/huya/23824164
强森电影,https://live.metshop.top/huya/21059581
怪兽电影,https://live.metshop.top/huya/21059577
成龙电影,https://live.metshop.top/huya/11342386
我不是药神,https://vip.ffzy-play1.com/20221018/478_c3afed66/index.m3u8
战争电影,https://live.metshop.top/huya/21059574
扫黄先锋,https://live.metshop.top/huya/29465855
拆弹专家1,https://vip.ffzy-online.com/20221015/719_80ff87c2/index.m3u8
拆弹专家2,https://vip.ffzy-online.com/20221015/722_e32c42bc/index.m3u8
无心法师,https://live.metshop.top/huya/30080233
李连杰电影,https://live.metshop.top/huya/11342390
林正英电影,https://live.metshop.top/huya/11342421
枪战电影,https://live.metshop.top/huya/21059579
楚汉骄雄,https://live.metshop.top/huya/29465854
武侠电影,https://live.metshop.top/huya/11342427
沈腾电影,https://live.metshop.top/huya/11601968
法政先锋,https://live.metshop.top/huya/23863804
洗冤录,https://live.metshop.top/huya/29465851
活佛济公3,https://live.metshop.top/huya/23903123
浙江教科影视,https://ali-m-l.cztv.com/channels/lantian/channel004/1080p.m3u8
浙江教科影视,http://ali-vl.cztv.com/channels/lantian/channel004/360p.m3u8
浙江教科影视,http://ali-m-l.cztv.com/channels/lantian/channel04/1080p.m3u8
狄仁杰电影,https://live.metshop.top/huya/30080229
玄幻电影,https://live.metshop.top/huya/11342414
王晶电影,https://live.metshop.top/huya/11602058
甄子丹电影,https://live.metshop.top/huya/11352935
电影丧尸片,http://live.metshop.top/huya/21059578?cdn=alicdn
电影八点档,http://live.metshop.top/huya/880261?cdn=alicdn
电影刘德华,http://live.metshop.top/huya/11342424?cdn=alicdn
电影功夫片,http://live.metshop.top/huya/11352941?cdn=alicdn
电影动作电影,http://live.metshop.top/huya/11602077?cdn=alicdn
电影周星星,http://live.metshop.top/huya/11336587?cdn=alicdn
电影喜剧专场,http://live.metshop.top/huya/11602044?cdn=alicdn
电影嫣然影厅,http://live.metshop.top/huya/11601977?cdn=alicdn
电影战争片,http://live.metshop.top/huya/21059574?cdn=alicdn
ABN China (720p),https://mediaserver.abnvideos.com/streams/abnchina.m3u8
电影搞笑喜剧,http://live.metshop.top/huya/11342423?cdn=alicdn
Ando TV (1080p),http://play.kankanlive.com/live/1711956137852982.m3u8
电影梁家辉,http://live.metshop.top/huya/11342429?cdn=alicdn
Angel TV Chinese (720p),https://janya-digimix.akamaized.net/vglive-sk-999451/chinese/ngrp:angelchinese_all/playlist.m3u8
电影犯罪片,http://live.metshop.top/huya/11352974?cdn=alicdn
Anhui TV,https://restream.pdtvhd.com/memfs/c1cd2ed0-3b2b-4c25-af98-a7fb0b1eb130.m3u8
Ando TV (1080p),http://play.kankanlive.com/live/1711956137852982.m3u8
电影蜘蛛侠,http://live.metshop.top/huya/21059599?cdn=alicdn
Anshun Comprehensive News Channel,https://hplayer1.juyun.tv/camera/154379194.m3u8
Anhui TV,https://restream.pdtvhd.com/memfs/c1cd2ed0-3b2b-4c25-af98-a7fb0b1eb130.m3u8
电影谍战,http://live.metshop.top/huya/21059585?cdn=alicdn
Baicheng TV [Geo-blocked],https://stream2.jlntv.cn/baicheng1/sd/live.m3u8
Asian Drama (1080p),http://103.172.187.30:12000/stream/mytv/null-11/master.m3u8
Anshun Comprehensive News Channel,https://hplayer1.juyun.tv/camera/154379194.m3u8
电影谍战片,http://live.metshop.top/huya/21059587?cdn=alicdn
CCTV-兵器科技,http://dassby.qqff.top:99/live/兵器科技/index.m3u8
Beijing Satellite TV [Not 24/7],http://ivi.bupt.edu.cn/hls/btv1.m3u8
BSTV (Hong Kong) (576p),http://202.69.67.66:443/webcast/bshdlive-pc/playlist.m3u8
Beijing Traffic Radio TV [Geo-blocked],http://123.56.24.28:1935/live/fm1039/96K/tzwj_video.m3u8
电影贺岁,http://live.metshop.top/huya/11601971?cdn=alicdn
CCTV-世界地理,http://dassby.qqff.top:99/live/世界地理/index.m3u8
Beijing Satellite TV HD (1080p),http://go.bkpcp.top/mg/bjws
Celestial Movies (576i),http://103.58.160.157:8278/720-CELESTIALMOVIES/playlist.m3u8
Beijing Youth Radio [Geo-blocked],http://audiolive.rbc.cn:1935/live/am927/96K/tzwj_video.m3u8
电影高分动作,http://live.metshop.top/huya/11352884?cdn=alicdn
CCTV-风云足球,http://dassby.qqff.top:99/live/风云足球/index.m3u8
Bingtuan Satellite TV (540p) [Not 24/7],http://112.25.48.68/live/program/live/btws/1300000/mnf.m3u8
Golden Jade (1080p),http://103.172.187.30:12000/stream/mytv/null-12/master.m3u8
Bread TV面包台 (720p),https://video.bread-tv.com:8091/hls-live24/online/index.m3u8
笑傲江湖,https://live.metshop.top/huya/23865142
CCTV-风云音乐,http://dassby.qqff.top:99/live/风云音乐/index.m3u8
Bread TV (720p),https://video.bread-tv.com:8091/hls-live24/online/index.m3u8
Hong Kong International Business Channel (1080p) [Geo-blocked],https://hoytv-live-stream.hoy.tv/ch76/index-fhd.m3u8
BRTV Kaku Childrens Channel,http://223.111.191.105/downflv.brtvcloud.com/kkkkasd/winfr.m3u8
经典电影,https://txmov2.a.kwimgs.com/bs3/video-hls/5211790793651941963_hlsb.m3u8
CCTV-风云剧场,http://dassby.qqff.top:99/live/风云剧场/index.m3u8
BRTV Kaku Childrens Channel,http://223.111.191.105/downflv.brtvcloud.com/kkkkasd/winfr.m3u8
HOY Infotainment (1080p) [Geo-blocked],https://hoytv-live-stream.hoy.tv/ch78/index.m3u8
BRTV 北京卫视 (1080p),http://go.bkpcp.top/mg/bjws
罪犯电影,https://live.metshop.top/huya/11352962
CCTV-第一剧场,http://dassby.qqff.top:99/live/第一剧场/index.m3u8
CCTV+ 1 (600p) [Not 24/7],https://cd-live-stream.news.cctvplus.com/live/smil:CHANNEL1.smil/playlist.m3u8
HOY TV (1080p) [Geo-blocked],https://hoytv-live-stream.hoy.tv/ch77/index.m3u8
BRTV 北京卫视 [Not 24/7],http://ivi.bupt.edu.cn/hls/btv1.m3u8
西游记2,https://live.metshop.top/huya/29465859
CCTV-怀旧剧场,http://dassby.qqff.top:99/live/怀旧剧场/index.m3u8
CCTV+ 2 (600p) [Not 24/7],https://cd-live-stream.news.cctvplus.com/live/smil:CHANNEL2.smil/playlist.m3u8
Jade (1080p),http://103.172.187.30:12000/stream/mytv/null-1/master.m3u8
CGTN (1080p),https://amg00405-rakutentv-cgtn-rakuten-i9tar.amagi.tv/master.m3u8
让子弹飞,https://vip.ffzy-play7.com/20230116/11563_b9f44814/index.m3u8
CCTV-文化精品,http://dassby.qqff.top:99/live/文化精品/index.m3u8
CCTV-Billiards (1080p),http://38.75.136.137:98/gslb/dsdqpub/ystq.m3u8?auth=testpub
Mei Ah Movie Channel (1080p),http://103.172.187.30:12000/stream/mytv/null-9/master.m3u8
CGTN (1080p),https://english-livebkali.cgtn.com/live/encgtn.m3u8
谍战电影,https://live.metshop.top/huya/21059585
CCTV-女性时尚,http://dassby.qqff.top:99/live/女性时尚/index.m3u8
CCTV-Culture of Quality SD (1080p),http://38.75.136.137:98/gslb/dsdqpub/ysjp.m3u8?auth=testpub
Pet Club TV (1080p),https://petclub-samsungaus.amagi.tv/playlist.m3u8
CGTN (720p),https://0472.org/hls/cgtn.m3u8
贺岁电影,https://live.metshop.top/huya/11601986
CCTV-央视台球,http://dassby.qqff.top:99/live/央视台球/index.m3u8
CCTV-Golf & Tennis (1080p),http://38.75.136.137:98/gslb/dsdqpub/gefwq.m3u8?auth=testpub
Phoenix Chinese Channel (720p),http://223.110.245.139/ott.js.chinamobile.com/PLTV/3/224/3221226922/index.m3u8
CGTN Documentary (1080p),https://amg00405-rakutentv-cgtndocumentary-rakuten-0ql8j.amagi.tv/master.m3u8
野蛮亲家,https://live.metshop.top/huya/23863796
CCTV-央视高网,http://dassby.qqff.top:99/live/高尔夫网球/index.m3u8
CCTV-Health (1080p),http://38.75.136.137:98/gslb/dsdqpub/wsjk.m3u8?auth=testpub
Phoenix InfoNews Channel (720p),http://223.110.245.167/ott.js.chinamobile.com/PLTV/3/224/3221226923/index.m3u8
CGTN French (1080p),http://145.239.5.177/214/index.m3u8
金庸武侠,https://live.metshop.top/huya/11342435
CCTV-电视指南,http://dassby.qqff.top:99/live/电视指南/index.m3u8
CCTV-Nostalgia Theater (1080p),http://38.75.136.137:98/gslb/dsdqpub/hjjc.m3u8?auth=testpub
RTHK TV 31 (1080p) [Geo-blocked],https://rthktv31-live.akamaized.net/hls/live/2036818/RTHKTV31/master.m3u8
CGTN Spanish (720p),http://45.165.82.19/test/index.m3u8
金枝欲孽,https://live.metshop.top/huya/29465847
直播中国,https://gcalic.v.myalicdn.com/gc/wgw05_1/index.m3u8?contentid=2820180516001
CCTV-Storm Football (1080p),http://38.75.136.137:98/gslb/dsdqpub/fyzq.m3u8?auth=testpub
RTHK TV 32 (1080p) [Geo-blocked],https://rthktv32-live.akamaized.net/hls/live/2036819/RTHKTV32/master.m3u8
Chifeng Comprehensive News Chanel,http://play1-qk.nmtv.cn/live/1735546697341033.m3u8
鉴证实录,https://live.metshop.top/huya/23903183
CETV-1 综合教育,http://[2409:8087:1:20:20::2a]/otttv.bj.chinamobile.com/PLTV/88888888/224/3221226494/1.m3u8?GuardEncType=2&accountinfo=%7E%7EV2.0%7EB8MrpAzJ_Bw12HHVBcZO6g%7E_eNUbgU9sJGUcVVduOMKhafLvQUgE_zlz_7pvDimJNONWWecbSKZXNjh_5hExtTC%2CEND
CCTV-Storm Music (1080p),http://38.75.136.137:98/gslb/dsdqpub/fyyy.m3u8?auth=testpub
RTHK TV 33 (1080p) [Geo-blocked],https://rthktv33-live.akamaized.net/hls/live/2101641/RTHKTV33/master.m3u8
CND Film Middle School Channel,http://live2.rxip.sc96655.com/live/zxs_4000.m3u8?A=&E=&K=&P=&S=&U=
陀枪师姐,https://live.metshop.top/huya/29465857
CETV-2 空中课堂,http://[2409:8087:1:20:20::2c]/otttv.bj.chinamobile.com/PLTV/88888888/224/3221226537/1.m3u8?GuardEncType=2&accountinfo=%7E%7EV2.0%7E7AxXs4eTU2oiWrhopr9sHw%7E_eNUbgU9sJGUcVVduOMKhafLvQUgE_zlz_7pvDimJNNxsM0Bor098BJglrhfEQTl%2CEND
CCTV-Storm Theater (1080p),http://38.75.136.137:98/gslb/dsdqpub/fyjc.m3u8?auth=testpub
RTHK TV 34 (1080p) [Geo-blocked],https://rthktv34-live.akamaized.net/hls/live/2101642/RTHKTV34/master.m3u8
CND Film Middle School Channel,http://live-play.zxstv.com.cn/zhongxuesheng/zhongxuesheng.m3u8
韩国电影1,https://stream.ads.ottera.tv/playlist.m3u8?network_id=595
CETV-3 教育服务,http://[2409:8087:7004:20:1000::22]:6610/yinhe/2/ch00000090990000001309/index.m3u8?virtualDomain=yinhe.live_hls.zte.com
CCTV-The First Theater (1080p),http://38.75.136.137:98/gslb/dsdqpub/dyjc.m3u8?auth=testpub
RTHK TV 35 (1080p) [Geo-blocked],https://rthktv35-live.akamaized.net/hls/live/2101643/RTHKTV35/master.m3u8
Dragon TV International,https://restream.pdtvhd.com/memfs/0b1b95c9-3543-4af9-9fdb-cf45f1602f17.m3u8
韩国电影2,https://stream.ads.ottera.tv/playlist.m3u8?network_id=743
CETV-4 职业教育,http://[2409:8087:1:20:20::26]/otttv.bj.chinamobile.com/PLTV/88888888/224/3221226557/1.m3u8?GuardEncType=2&accountinfo=%7E%7EV2.0%7EBzZToIaOOoaa_jAUfhUQHQ%7E_eNUbgU9sJGUcVVduOMKhafLvQUgE_zlz_7pvDimJNOD9BEmVSNbqSQpqXZxnxbk%2CEND
CCTV-Weapon & Technology (1080p),http://38.75.136.137:98/gslb/dsdqpub/gfjs.m3u8?auth=testpub
tvN Asia HD (720p),http://58.8.186.128:10005/bysid/2518
Foshan News TV,http://dslive.grtn.cn/fszh/sd/live.m3u8
黄渤电影,https://live.metshop.top/huya/11352876
CGTN英语,https://0472.org/hls/cgtn.m3u8
CCTV-Women's Fashion SD (1080p),http://38.75.136.137:98/gslb/dsdqpub/nxss.m3u8?auth=testpub
